[backblue.gif]
[fade.gif]
[index.html]
[door.deu.ac.kr/content/css/default.css]
[door.deu.ac.kr/content/css/pubSheet.css]
[door.deu.ac.kr/Scripts/MessageBox7796.js]
[door.deu.ac.kr/Scripts/jquery-ajaxHelper.js]
[door.deu.ac.kr/content/images/main/quick_menu_001.png]
[door.deu.ac.kr/content/images/main/quick_menu_002.png]
[door.deu.ac.kr/Scripts/jquery.bxslider.js]
[door.deu.ac.kr/content/images/main/bx_quickMenu.gif]
[door.deu.ac.kr/content/images/main/main_icon_003.jpg]
[door.deu.ac.kr/files/20170904095421/quicklink/20170904095421377k.gif]
[door.deu.ac.kr/Scripts/common.js]
[door.deu.ac.kr/files/20170904095512/quicklink/20170904095512337k.gif]
[door.deu.ac.kr/Scripts/jquery-1.12.4.min.js]
[door.deu.ac.kr/files/20170904095448/quicklink/20170904095448126k.gif]
[door.deu.ac.kr/files/20170904095503/quicklink/20170904095503876k.gif]
[door.deu.ac.kr/files/20170904095440/quicklink/20170904095440079k.gif]
[door.deu.ac.kr/files/20200703140559/quicklink/20200703140559908k.png]
[door.deu.ac.kr/Scripts/jquery.cookie.js]
[door.deu.ac.kr/Content/images/main/main_slidebar_002.jpg]
[door.deu.ac.kr/Content/images/main/main_logo_001.jpg]
[door.deu.ac.kr/Files/20170904094316/Banner/20170904094301021.jpg]
[door.deu.ac.kr/Files/20170904094346/Banner/20170904094330963.jpg]
[door.deu.ac.kr/content/images/main/main_btn_more.jpg]
[door.deu.ac.kr/content/images/door/d_mov.gif]
[door.deu.ac.kr/content/images/door/doorsourcetype_view.gif]
[door.deu.ac.kr/content/images/main/main_icon_004.jpg]
[door.deu.ac.kr/Files/20200508143142/Contents/20200508143121813.png]
[door.deu.ac.kr/Files/20190415104328/Contents/20190415104324612.png]
[door.deu.ac.kr/content/images/door/d_pkg.gif]
[door.deu.ac.kr/content/images/door/doorsourcetype_pkg.gif]
[door.deu.ac.kr/Files/20170904095246/Banner/20170904095226068.gif]
[door.deu.ac.kr/Files/20170904095246/Banner/20170904095229245.gif]
[door.deu.ac.kr/Home/Index.html]
[door.deu.ac.kr/content/css/main.css]
[door.deu.ac.kr/content/css/common.css]
[door.deu.ac.kr/content/css/sub.css]
[door.deu.ac.kr/content/css/listbox.css]
[door.deu.ac.kr/content/css/calendar.css]
[door.deu.ac.kr/content/css/button.css]
[door.deu.ac.kr/content/css/form.css]
[door.deu.ac.kr/content/css/popup.css]
[door.deu.ac.kr/content/css/tab.css]
[door.deu.ac.kr/content/css/comment.css]
[door.deu.ac.kr/content/css/font.css]
[door.deu.ac.kr/content/css/etc.css]
[door.deu.ac.kr/Content/images/lecture/bg_lecture_list_header.gif]
[door.deu.ac.kr/Content/images/main/main_notice_dot03.gif]
[door.deu.ac.kr/Content/images/lecture/bg_calendar.gif]
[door.deu.ac.kr/content/images/common/bg_gage2.gif]
[door.deu.ac.kr/content/css/default.css]
[door.deu.ac.kr/content/css/base.css]
[door.deu.ac.kr/content/images/main/bg_top_002.jpg]
[door.deu.ac.kr/content/images/main/main_slidebar_001.jpg]
[door.deu.ac.kr/content/images/main/bg_footer_001.jpg]
[door.deu.ac.kr/content/images/main/quick_menu_slidebar_001.jpg]
[door.deu.ac.kr/content/images/main/bx_loader.gif]
[door.deu.ac.kr/content/images/main/controls.png]
[door.deu.ac.kr/content/images/main/bg_top_001.jpg]
[door.deu.ac.kr/content/images/sub/bg_selecter_001.gif]
[door.deu.ac.kr/content/images/sub/btn_con_001.gif]
[door.deu.ac.kr/content/images/sub/btn_con_002.gif]
[door.deu.ac.kr/content/images/sub/bg_tab_001.gif]
[door.deu.ac.kr/content/images/main/linedown.gif]
[door.deu.ac.kr/content/images/sub/bg_selecter_002.gif]
[door.deu.ac.kr/content/images/sub/box_point.png]
[door.deu.ac.kr/content/images/sub/bg_tab_003.gif]
[door.deu.ac.kr/content/css/pubSheet.css]
[door.deu.ac.kr/content/images/sub/bg_selecter_003.gif]
[door.deu.ac.kr/content/images/common/popup_privercy_topimg01.gif]
[door.deu.ac.kr/Home/UserInfo.html]
[door.deu.ac.kr/content/images/main/bg_visual01.jpg]
[door.deu.ac.kr/content/images/main/main_notice_title01.gif]
[door.deu.ac.kr/content/images/main/main_course_title01.gif]
[door.deu.ac.kr/content/images/main/main_banner_newsletter_bg.gif]
[door.deu.ac.kr/content/css/main.css]
[door.deu.ac.kr/content/images/common/bg_top01.gif]
[door.deu.ac.kr/content/images/common/bg_subvisual01.jpg]
[door.deu.ac.kr/content/images/common/loginbox02_bg.png]
[door.deu.ac.kr/content/images/common/logout_ipbg.png]
[door.deu.ac.kr/content/images/common/login_idbg.gif]
[door.deu.ac.kr/content/images/common/login_pwbg.gif]
[door.deu.ac.kr/content/images/common/bg_guide02.gif]
[door.deu.ac.kr/content/css/common.css]
[door.deu.ac.kr/content/images/common/leftmenu_bg.gif]
[door.deu.ac.kr/content/images/common/Lmenu_bg_off.gif]
[door.deu.ac.kr/content/images/common/Lmenu_bg_on.gif]
[door.deu.ac.kr/content/images/05_lectureroom/ico_sub.gif]
[door.deu.ac.kr/Content/images/common/bg_left_menu.gif]
[door.deu.ac.kr/Content/images/common/left_menu_dot01.gif]
[door.deu.ac.kr/Content/images/common/left_menu_dot02.gif]
[door.deu.ac.kr/Content/images/common/left_menu_dot03.gif]
[door.deu.ac.kr/content/css/sub.css]
[door.deu.ac.kr/Content/images/lecture/bg_lecture_info_header.gif]
[door.deu.ac.kr/Content/Images/lecture/btn_folding.gif]
[door.deu.ac.kr/Content/Images/lecture/btn_folding_on.gif]
[door.deu.ac.kr/Content/Images/lecture/bg_lecture_info_body.gif]
[door.deu.ac.kr/Content/images/lecture/ico_bullet_01.gif]
[door.deu.ac.kr/content/css/listbox.css]
[door.deu.ac.kr/content/images/common/bg_btn_cal.gif]
[door.deu.ac.kr/content/css/calendar.css]
[door.deu.ac.kr/content/css/table.css]
[door.deu.ac.kr/content/images/common/bg_btn_default.gif]
[door.deu.ac.kr/content/css/button.css]
[door.deu.ac.kr/content/images/common/btn_pack.gif]
[door.deu.ac.kr/content/css/form.css]
[door.deu.ac.kr/content/css/paginate.css]
[door.deu.ac.kr/content/images/common/bg_tit_pop.gif]
[door.deu.ac.kr/content/images/common/shadow2.png]
[door.deu.ac.kr/content/images/common/shadow3.png]
[door.deu.ac.kr/content/images/mjbank/bg_header.gif]
[door.deu.ac.kr/content/images/mjbank/icon_exam.gif]
[door.deu.ac.kr/content/images/mjbank/bg_exam_q.gif]
[door.deu.ac.kr/content/images/sub/bg_tab_002.gif]
[door.deu.ac.kr/content/css/popup.css]
[door.deu.ac.kr/content/images/common/tab_menu.gif]
[door.deu.ac.kr/content/images/common/bg_tab_off.gif]
[door.deu.ac.kr/content/images/common/bg_tab_on.gif]
[door.deu.ac.kr/content/images/common/btn_tab_del.gif]
[door.deu.ac.kr/content/css/tab.css]
[static.naver.com/common/paginate/bu_pg1_l1.gif]
[static.naver.com/common/paginate/bu_pg1_l2.gif]
[static.naver.com/common/paginate/bu_pg1_r1.gif]
[static.naver.com/common/paginate/bu_pg1_r2.gif]
[static.naver.com/common/comment/bg_sprite_ico.gif]
[static.naver.com/common/comment/bg_shadow_label.png]
[static.naver.com/common/comment/btn_tip.gif]
[static.naver.com/common/comment/bg_pattern_x.gif]
[static.naver.com/common/comment/bg_sprite_select.gif]
[static.naver.com/common/comment/bg_sprite_btn.gif]
[door.deu.ac.kr/content/css/comment.css]
[door.deu.ac.kr/content/css/table_thum.css]
[door.deu.ac.kr/content/css/font.css]
[door.deu.ac.kr/content/images/common/bg_gage.gif]
[door.deu.ac.kr/content/images/common/bg_gage_on2.gif]
[door.deu.ac.kr/content/images/common/bg_starpoint_off.gif]
[door.deu.ac.kr/content/images/common/bg_starpoint_on.gif]
[door.deu.ac.kr/content/images/common/bg_layer_edge.gif]
[door.deu.ac.kr/content/images/common/bg_border_corner2.gif]
[door.deu.ac.kr/content/css/etc.css]
[door.deu.ac.kr/content/image/main/ico_play.html]
[door.deu.ac.kr/content/image/main/ico_stop.html]
[door.deu.ac.kr/content/css/Content/images/common/bg_loginbox01.html]
[door.deu.ac.kr/content/images/common/shadow4.html]
[door.deu.ac.kr/content/css/img/bg_border_corner.html]
